
> finlex@0.1.0 test
> vitest --run


[1m[30m[46m RUN [49m[39m[22m [36mv4.1.5 [39m[90mC:/Users/Loren/Desktop/Projects/finlex[39m

 [32mΓ£ô[39m src/__tests__/lib/accounting.test.ts [2m([22m[2m33 tests[22m[2m)[22m[32m 14[2mms[22m[39m
 [32mΓ£ô[39m src/__tests__/api/auth.test.ts [2m([22m[2m32 tests[22m[2m)[22m[32m 15[2mms[22m[39m
 [31mΓ¥»[39m src/__tests__/lib/payroll.test.ts [2m([22m[2m31 tests[22m[2m | [22m[31m1 failed[39m[2m)[22m[32m 20[2mms[22m[39m
       [32mΓ£ô[39m should return 0 for zero taxable income[32m 2[2mms[22m[39m
       [32mΓ£ô[39m should return 0 for negative amounts (clamped to 0)[32m 0[2mms[22m[39m
       [32mΓ£ô[39m should apply 10% tax on income up to 24,000[32m 0[2mms[22m[39m
       [32mΓ£ô[39m should correctly compute PAYE for income in first bracket with relief[32m 0[2mms[22m[39m
       [32mΓ£ô[39m should correctly compute PAYE across brackets[32m 0[2mms[22m[39m
       [32mΓ£ô[39m should correctly compute PAYE for very high income (4th bracket)[32m 0[2mms[22m[39m
       [32mΓ£ô[39m should handle decimal input and round correctly[32m 0[2mms[22m[39m
       [32mΓ£ô[39m should return positive tax after relief threshold[32m 0[2mms[22m[39m
       [32mΓ£ô[39m should return 150 for income 1-5999[32m 0[2mms[22m[39m
       [32mΓ£ô[39m should return 300 for income 6000-7999[32m 0[2mms[22m[39m
       [32mΓ£ô[39m should return 400 for income 8000-11999[32m 0[2mms[22m[39m
       [32mΓ£ô[39m should return 500 for income 12000-14999[32m 0[2mms[22m[39m
       [32mΓ£ô[39m should return 1700 for very high income (100000+)[32m 0[2mms[22m[39m
       [32mΓ£ô[39m should handle negative amounts (clamped to 0)[32m 0[2mms[22m[39m
       [32mΓ£ô[39m should correctly transition between bands[32m 0[2mms[22m[39m
       [32mΓ£ô[39m should return 0 for zero income[32m 0[2mms[22m[39m
       [32mΓ£ô[39m should return 6% of income when below UEL[32m 0[2mms[22m[39m
       [32mΓ£ô[39m should cap at UEL (36,000)[32m 0[2mms[22m[39m
       [32mΓ£ô[39m should cap contribution for income above UEL[32m 0[2mms[22m[39m
       [32mΓ£ô[39m should handle negative amounts (clamped to 0)[32m 0[2mms[22m[39m
       [32mΓ£ô[39m should round contribution correctly[32m 0[2mms[22m[39m
       [32mΓ£ô[39m should compute net pay for minimum wage[32m 2[2mms[22m[39m
[31m       [31m├ù[31m should compute net pay for moderate salary[39m[32m 8[2mms[22m[39m
       [32mΓ£ô[39m should compute net pay for high salary[32m 1[2mms[22m[39m
       [32mΓ£ô[39m should return PayrollComputation object with all fields[32m 1[2mms[22m[39m
       [32mΓ£ô[39m should handle negative salary (clamped to 0)[32m 0[2mms[22m[39m
       [32mΓ£ô[39m should maintain debit/credit balance (gross = net + deductions)[32m 0[2mms[22m[39m
       [32mΓ£ô[39m should round all values to whole KES[32m 0[2mms[22m[39m
       [32mΓ£ô[39m should handle boundary transitions correctly[32m 0[2mms[22m[39m
       [32mΓ£ô[39m should compute consistent results for repeated calls[32m 0[2mms[22m[39m
       [32mΓ£ô[39m should maintain progressive tax structure[32m 0[2mms[22m[39m
 [32mΓ£ô[39m src/__tests__/lib/tax.test.ts [2m([22m[2m43 tests[22m[2m)[22m[32m 13[2mms[22m[39m
node.exe : 
At line:1 char:1
+ & "C:\Program Files\nodejs/node.exe" "C:\Program Files\nodejs/node_mo ...
+ ~~~~~~~~~~~~~~~~~~~~~~~~~~~~~~~~~~~~~~~~~~~~~~~~~~~~~~~~~~~~~~~~~~~~~
    + CategoryInfo          : NotSpecified: (:String) [], RemoteException
    + FullyQualifiedErrorId : NativeCommandError
 
[31mΓÄ»ΓÄ»ΓÄ»ΓÄ»ΓÄ»ΓÄ»ΓÄ»[39m[1m[41m Failed Tests 1 
[49m[22m[31mΓÄ»ΓÄ»ΓÄ»ΓÄ»ΓÄ»ΓÄ»ΓÄ»[39m

[41m[1m FAIL [22m[49m src/__tests__/lib/payroll.test.ts[2m > [22mPayroll 
Calculations[2m > [22mcomputeNetPay[2m > [22mshould compute net pay for 
moderate salary
[31m[1mAssertionError[22m: expected 1200 to be 1100 // Object.is 
equality[39m

[32m- Expected[39m
[31m+ Received[39m

[32m- 1100[39m
[31m+ 1200[39m

[36m [2mΓ¥»[22m src/__tests__/lib/payroll.test.ts:[2m155:27[22m[39m
    [90m153|[39m
    [90m154|[39m       [34mexpect[39m(result[33m.[39mgross)[33m.[39m[3
4mtoBe[39m([34m50_000[39m)
    [90m155|[39m       [34mexpect[39m(result[33m.[39mnhif)[33m.[39m[34
mtoBe[39m([34m1_100[39m)
    [90m   |[39m                           [31m^[39m
    [90m156|[39m       [34mexpect[39m(result[33m.[39mnssf)[33m.[39m[34
mtoBe[39m([34m2_160[39m)
    [90m157|[39m

[31m[2mΓÄ»ΓÄ»ΓÄ»ΓÄ»ΓÄ»ΓÄ»ΓÄ»ΓÄ»ΓÄ»ΓÄ»ΓÄ»ΓÄ»ΓÄ»ΓÄ»ΓÄ»ΓÄ»ΓÄ»ΓÄ»ΓÄ»ΓÄ»ΓÄ»ΓÄ»ΓÄ»Γ
Ä»[1/1]ΓÄ»[22m[39m


[2m Test Files [22m [1m[31m1 failed[39m[22m[2m | [22m[1m[32m3 passed[39m[22m[90m (4)[39m
[2m      Tests [22m [1m[31m1 failed[39m[22m[2m | [22m[1m[32m138 passed[39m[22m[90m (139)[39m
[2m   Start at [22m 13:50:05
[2m   Duration [22m 2.52s[2m (transform 261ms, setup 0ms, import 1.42s, tests 62ms, environment 4.50s)[22m

